ubuntu@master:~$ kubectl get deployments
NAME               READY   UP-TO-DATE   AVAILABLE   AGE
nginx-deployment   3/3     3            3           5m53s
ubuntu@master:~$ kubectl get rs
NAME                         DESIRED   CURRENT   READY   AGE
nginx-deployment-6dd86d77d   3         3         3       6m21s
ubuntu@master:~$ kubectl get pods --show-labels
NAME                                  READY   STATUS    RESTARTS   AGE     LABELS
elasticsearch-operator-sysctl-vptw8   1/1     Running   0          17m     controller-revision-hash=59fc987b87,k8s-app=elasticsearch-operator,pod-template-generation=1
myapp-pod                             1/1     Running   0          14m     app=myapp
nginx-deployment-6dd86d77d-fdjth      1/1     Running   0          6m54s   app=nginx,pod-template-hash=6dd86d77d
nginx-deployment-6dd86d77d-mgf6d      1/1     Running   0          6m54s   app=nginx,pod-template-hash=6dd86d77d
nginx-deployment-6dd86d77d-tzlcl      1/1     Running   0          6m54s   app=nginx,pod-template-hash=6dd86d77d
ubuntu@master:~$ kubectl get deployments
NAME               READY   UP-TO-DATE   AVAILABLE   AGE
nginx-deployment   3/3     3            3           5m53s
ubuntu@master:~$ kubectl get rs
NAME                         DESIRED   CURRENT   READY   AGE
nginx-deployment-6dd86d77d   3         3         3       6m21s
ubuntu@master:~$ kubectl get pods --show-labels
NAME                                  READY   STATUS    RESTARTS   AGE     LABELS
elasticsearch-operator-sysctl-vptw8   1/1     Running   0          17m     controller-revision-hash=59fc987b87,k8s-app=elasticsearch-operator,pod-template-generation=1
myapp-pod                             1/1     Running   0          14m     app=myapp
nginx-deployment-6dd86d77d-fdjth      1/1     Running   0          6m54s   app=nginx,pod-template-hash=6dd86d77d
nginx-deployment-6dd86d77d-mgf6d      1/1     Running   0          6m54s   app=nginx,pod-template-hash=6dd86d77d
nginx-deployment-6dd86d77d-tzlcl      1/1     Running   0          6m54s   app=nginx,pod-template-hash=6dd86d77d
ubuntu@master:~$
ubuntu@master:~$
ubuntu@master:~$ kubectl edit deployment.v1.apps/nginx-deployment
deployment.apps/nginx-deployment edited
ubuntu@master:~$ kubectl rollout status deployment.v1.apps/nginx-deployment
Waiting for deployment "nginx-deployment" rollout to finish: 1 old replicas are pending termination...
Waiting for deployment "nginx-deployment" rollout to finish: 1 old replicas are pending termination...
deployment "nginx-deployment" successfully rolled out
ubuntu@master:~$ kubectl get deployments
NAME               READY   UP-TO-DATE   AVAILABLE   AGE
nginx-deployment   3/3     3            3           10m
ubuntu@master:~$ kubectl describe deployments
Name:                   nginx-deployment
Namespace:              default
CreationTimestamp:      Sun, 30 Jun 2019 12:27:51 +0000
Labels:                 app=nginx
Annotations:            deployment.kubernetes.io/revision: 2
                        kubectl.kubernetes.io/last-applied-configuration:
                          {"apiVersion":"apps/v1","kind":"Deployment","metadata":{"annotations":{},"labels":{"app":"nginx"},"name":"nginx-deployment","namespace":"d...
Selector:               app=nginx
Replicas:               3 desired | 3 updated | 3 total | 3 available | 0 unavailable
StrategyType:           RollingUpdate
MinReadySeconds:        0
RollingUpdateStrategy:  25% max unavailable, 25% max surge
Pod Template:
  Labels:  app=nginx
  Containers:
   nginx:
    Image:        nginx:1.9.1
    Port:         80/TCP
    Host Port:    0/TCP
    Environment:  <none>
    Mounts:       <none>
  Volumes:        <none>
Conditions:
  Type           Status  Reason
  ----           ------  ------
  Available      True    MinimumReplicasAvailable
  Progressing    True    NewReplicaSetAvailable
OldReplicaSets:  <none>
NewReplicaSet:   nginx-deployment-784b7cc96d (3/3 replicas created)
Events:
  Type    Reason             Age    From                   Message
  ----    ------             ----   ----                   -------
  Normal  ScalingReplicaSet  12m    deployment-controller  Scaled up replica set nginx-deployment-6dd86d77d to 3
  Normal  ScalingReplicaSet  2m23s  deployment-controller  Scaled up replica set nginx-deployment-784b7cc96d to 1
  Normal  ScalingReplicaSet  2m17s  deployment-controller  Scaled down replica set nginx-deployment-6dd86d77d to 2
  Normal  ScalingReplicaSet  2m17s  deployment-controller  Scaled up replica set nginx-deployment-784b7cc96d to 2
  Normal  ScalingReplicaSet  2m15s  deployment-controller  Scaled down replica set nginx-deployment-6dd86d77d to 1
  Normal  ScalingReplicaSet  2m15s  deployment-controller  Scaled up replica set nginx-deployment-784b7cc96d to 3
  Normal  ScalingReplicaSet  2m13s  deployment-controller  Scaled down replica set nginx-deployment-6dd86d77d to 0
Events:
  Type     Reason            Age                From               Message
  ----     ------            ----               ----               -------
  Warning  FailedScheduling  68s (x2 over 68s)  default-scheduler  pod has unbound immediate PersistentVolumeClaims


ubuntu@master:~$ kubectl get ds
NAME                            DESIRED   CURRENT   READY   UP-TO-DATE   AVAILABLE   NODE SELECTOR   AGE
elasticsearch-operator-sysctl   1         1         1       1            1           <none>          74m


